[www.assetspur.to/index.html]
[backblue.gif]
[fade.gif]
[index.html]
[assetspur.to/lib/css/dist/block-library/style.min.css]
[assetspur.to/modules/8516d2654f/includes/css/styles.css]
[assetspur.to/modules/4b36101dcc/public/assets/css/rs6.css]
[assetspur.to/views/5261539cab/assets/vendors/font-awesome/css/font-awesome.min.css]
[assetspur.to/views/5261539cab/assets/vendors/bootstrap/css/bootstrap.min.css]
[assetspur.to/views/5261539cab/design.css]
[assetspur.to/views/5261539cab/assets/css/theme.min.css]
[assetspur.to/views/5261539cab/assets/css/theme-responsive-min.min.css]
[assetspur.to/views/5261539cab/assets/css/theme-responsive-max.min.css]
[assetspur.to/modules/7d86a1a8e2/assets/css/liquid-gdpr.min.css]
[assetspur.to/modules/910a07777b/assets/css/js_composer.min.css]
[assetspur.to/modules/d74c3de78d/assets/css/landinghub-core.min.css]
[assetspur.to/storage/liquid-styles/liquid-responsive-100d545.css]
[assetspur.to/lib/js/jquery/jquery.min.js]
[assetspur.to/lib/js/jquery/jquery-migrate.min.js]
[assetspur.to/modules/4b36101dcc/public/assets/js/rbtools.min.js]
[assetspur.to/modules/d74c3de78d/extensions/redux-typekit/liquid-typekit.js]
[assetspur.to/storage/2021/06/favicon-16x16-1.png]
[assetspur.to/storage/2021/06/apple-icon-57x57-1.png]
[assetspur.to/storage/2021/06/apple-icon-114x114-1.png]
[assetspur.to/storage/2021/06/apple-icon-72x72-1.png]
[assetspur.to/modules/4b36101dcc/public/assets/js/rs6.min.js]
[assetspur.to/storage/2021/06/assetspur-logo.png]
[assetspur.to/modules/910a07777b/assets/lib/bower/font-awesome/css/v4-shims.min.css]
[assetspur.to/modules/910a07777b/assets/lib/bower/font-awesome/css/all.min.css]
[assetspur.to/views/5261539cab/assets/vendors/liquid-icon/lqd-essentials/lqd-essentials.min.css]
[assetspur.to/views/5261539cab/assets/vendors/fresco/css/fresco.css]
[assetspur.to/views/5261539cab/assets/vendors/jquery-ui/jquery-ui.css]
[assetspur.to/modules/d74c3de78d/shortcodes/header-woo-search/header-woo-search.js]
[assetspur.to/lib/js/dist/vendor/regenerator-runtime.min.js]
[assetspur.to/lib/js/dist/vendor/wp-polyfill.min.js]
[assetspur.to/modules/8516d2654f/includes/js/index.js]
[assetspur.to/modules/7d86a1a8e2/assets/js/liquid-gdpr.min.js]
[assetspur.to/views/5261539cab/assets/vendors/gsap/utils/SplitText.min.js]
[assetspur.to/views/5261539cab/assets/vendors/fresco/js/fresco.js]
[assetspur.to/views/5261539cab/assets/vendors/lity/lity.min.js]
[assetspur.to/modules/910a07777b/assets/js/dist/js_composer_front.min.js]
[assetspur.to/views/5261539cab/assets/vendors/particles.min.js]
[assetspur.to/views/5261539cab/assets/vendors/vivus.min.js]
[assetspur.to/views/5261539cab/assets/vendors/flickity/flickity.pkgd.min.js]
[assetspur.to/views/5261539cab/assets/vendors/flickity/flickity-fade.min.js]
[assetspur.to/views/5261539cab/assets/vendors/fastdom/fastdom.min.js]
[assetspur.to/views/5261539cab/assets/vendors/bootstrap/js/bootstrap.min.js]
[assetspur.to/lib/js/imagesloaded.min.js]
[assetspur.to/views/5261539cab/assets/vendors/gsap/minified/gsap.min.js]
[assetspur.to/views/5261539cab/assets/vendors/jquery-ui/jquery-ui.min.js]
[assetspur.to/views/5261539cab/assets/vendors/gsap/utils/CustomEase.min.js]
[assetspur.to/views/5261539cab/assets/vendors/gsap/minified/ScrollTrigger.min.js]
[assetspur.to/views/5261539cab/assets/vendors/fontfaceobserver.js]
[assetspur.to/views/5261539cab/assets/vendors/lazyload.min.js]
[assetspur.to/views/5261539cab/assets/vendors/tinycolor-min.js]
[www.assetspur.to/index.html]
[assetspur.to/lib/css/dist/block-library/style.min.css]
[assetspur.to/modules/8516d2654f/includes/css/styles.css]
[assetspur.to/modules/4b36101dcc/public/assets/assets/gridtile.png]
[assetspur.to/modules/4b36101dcc/public/assets/assets/gridtile_white.png]
[assetspur.to/modules/4b36101dcc/public/assets/assets/gridtile_3x3.png]
[assetspur.to/modules/4b36101dcc/public/assets/assets/gridtile_3x3_white.png]
[assetspur.to/modules/4b36101dcc/public/assets/assets/coloredbg.png]
[assetspur.to/modules/4b36101dcc/public/assets/assets/loader.gif]
[assetspur.to/modules/4b36101dcc/public/assets/css/rs6.css]
[assetspur.to/views/5261539cab/assets/vendors/font-awesome/css/font-awesome.min.css]
[assetspur.to/views/5261539cab/assets/vendors/bootstrap/css/bootstrap.min.css]
[assetspur.to/views/5261539cab/design.css]
[assetspur.to/views/5261539cab/assets/js/theme.min.js]
[assetspur.to/views/5261539cab/assets/img/spinners/spinner-1.gif]
[assetspur.to/views/5261539cab/assets/css/theme.min.css]
[assetspur.to/views/5261539cab/assets/css/theme-responsive-min.min.css]
[assetspur.to/views/5261539cab/assets/css/theme-responsive-max.min.css]
[assetspur.to/modules/910a07777b/assets/images/spinner.gif]
[assetspur.to/modules/910a07777b/assets/css/js_composer.min.css]
[assetspur.to/modules/7d86a1a8e2/assets/css/liquid-gdpr.min.css]
[assetspur.to/modules/d74c3de78d/assets/css/landinghub-core.min.css]
[assetspur.to/storage/liquid-styles/liquid-responsive-100d545.css]
[assetspur.to/modules/910a07777b/assets/lib/bower/font-awesome/css/v4-shims.min.css]
[assetspur.to/modules/910a07777b/assets/lib/bower/font-awesome/css/all.min.css]
[assetspur.to/views/5261539cab/assets/vendors/liquid-icon/lqd-essentials/lqd-essentials.min.css]
[assetspur.to/views/5261539cab/assets/vendors/fresco/fresco-skins/sprite.png]
[assetspur.to/views/5261539cab/assets/vendors/fresco/css/fresco.css]
[assetspur.to/views/5261539cab/assets/vendors/jquery-ui/jquery-ui.css]
[assetspur.to/modules/4b36101dcc/public/assets/css/openhand.html]
[assetspur.to/modules/4b36101dcc/public/assets/css/closedhand.html]
[assetspur.to/modules/910a07777b/assets/images/toggle_open.html]
[assetspur.to/modules/910a07777b/assets/images/toggle_close.html]
[assetspur.to/modules/910a07777b/assets/images/flickr.html]
[assetspur.to/modules/910a07777b/assets/vc/tick.html]
[assetspur.to/modules/910a07777b/assets/vc/remove.html]
[assetspur.to/views/5261539cab/assets/vendors/liquid-icon/lqd-essentials/fonts/lqd-essentials.html]
